[byrushan.com/projects/material-admin/app/2.6/index.html]
[backblue.gif]
[fade.gif]
[index.html]
[byrushan.com/projects/material-admin/app/2.6/index-2.html]
[byrushan.com/projects/material-admin/app/2.6/messages.html]
[byrushan.com/projects/material-admin/app/2.6/demo/img/profile-pics/1.jpg]
[byrushan.com/projects/material-admin/app/2.6/demo/img/profile-pics/2.jpg]
[byrushan.com/projects/material-admin/app/2.6/demo/img/profile-pics/3.jpg]
[byrushan.com/projects/material-admin/app/2.6/demo/img/profile-pics/4.jpg]
[byrushan.com/projects/material-admin/app/2.6/demo/img/profile-pics/5.jpg]
[byrushan.com/projects/material-admin/app/2.6/demo/img/profile-pics/8.jpg]
[byrushan.com/projects/material-admin/app/2.6/hidden-sidebar.html]
[byrushan.com/projects/material-admin/app/2.6/boxed-layout.html]
[byrushan.com/projects/material-admin/app/2.6/hidden-sidebar-boxed-layout.html]
[byrushan.com/projects/material-admin/app/2.6/top-navigation.html]
[byrushan.com/projects/material-admin/app/2.6/typography.html]
[byrushan.com/projects/material-admin/app/2.6/widgets.html]
[byrushan.com/projects/material-admin/app/2.6/html-table.html]
[byrushan.com/projects/material-admin/app/2.6/data-table.html]
[byrushan.com/projects/material-admin/app/2.6/form-elements.html]
[byrushan.com/projects/material-admin/app/2.6/form-components.html]
[byrushan.com/projects/material-admin/app/2.6/form-layouts.html]
[byrushan.com/projects/material-admin/app/2.6/form-validation.html]
[byrushan.com/projects/material-admin/app/2.6/colors.html]
[byrushan.com/projects/material-admin/app/2.6/css-animations.html]
[byrushan.com/projects/material-admin/app/2.6/buttons.html]
[byrushan.com/projects/material-admin/app/2.6/icons.html]
[byrushan.com/projects/material-admin/app/2.6/listview.html]
[byrushan.com/projects/material-admin/app/2.6/toolbars.html]
[byrushan.com/projects/material-admin/app/2.6/cards.html]
[byrushan.com/projects/material-admin/app/2.6/alerts.html]
[byrushan.com/projects/material-admin/app/2.6/badges.html]
[byrushan.com/projects/material-admin/app/2.6/breadcrumbs.html]
[byrushan.com/projects/material-admin/app/2.6/jumbotron.html]
[byrushan.com/projects/material-admin/app/2.6/navs.html]
[byrushan.com/projects/material-admin/app/2.6/pagination.html]
[byrushan.com/projects/material-admin/app/2.6/progress.html]
[byrushan.com/projects/material-admin/app/2.6/carousel.html]
[byrushan.com/projects/material-admin/app/2.6/collapse.html]
[byrushan.com/projects/material-admin/app/2.6/dropdowns.html]
[byrushan.com/projects/material-admin/app/2.6/modals.html]
[byrushan.com/projects/material-admin/app/2.6/popover.html]
[byrushan.com/projects/material-admin/app/2.6/tabs.html]
[byrushan.com/projects/material-admin/app/2.6/tooltips.html]
[byrushan.com/projects/material-admin/app/2.6/notifications-alerts.html]
[byrushan.com/projects/material-admin/app/2.6/tree-view.html]
[byrushan.com/projects/material-admin/app/2.6/flot-charts.html]
[byrushan.com/projects/material-admin/app/2.6/other-charts.html]
[byrushan.com/projects/material-admin/app/2.6/calendar.html]
[byrushan.com/projects/material-admin/app/2.6/photo-gallery.html]
[byrushan.com/projects/material-admin/app/2.6/profile-about.html]
[byrushan.com/projects/material-admin/app/2.6/contacts.html]
[byrushan.com/projects/material-admin/app/2.6/groups.html]
[byrushan.com/projects/material-admin/app/2.6/invoice.html]
[byrushan.com/projects/material-admin/app/2.6/todo-lists.html]
[byrushan.com/projects/material-admin/app/2.6/notes.html]
[byrushan.com/projects/material-admin/app/2.6/search-results.html]
[byrushan.com/projects/material-admin/app/2.6/issue-tracker.html]
[byrushan.com/projects/material-admin/app/2.6/faq.html]
[byrushan.com/projects/material-admin/app/2.6/team.html]
[byrushan.com/projects/material-admin/app/2.6/blog.html]
[byrushan.com/projects/material-admin/app/2.6/blog-details.html]
[byrushan.com/projects/material-admin/app/2.6/questions-answers.html]
[byrushan.com/projects/material-admin/app/2.6/questions-answers-details.html]
[byrushan.com/projects/material-admin/app/2.6/login.html]
[byrushan.com/projects/material-admin/app/2.6/lockscreen.html]
[byrushan.com/projects/material-admin/app/2.6/404.html]
[byrushan.com/projects/material-admin/app/2.6/empty.html]
[byrushan.com/projects/material-admin/app/2.6/demo/img/profile-pics/7.jpg]
[byrushan.com/projects/material-admin/app/2.6/demo/img/profile-pics/6.jpg]
[byrushan.com/projects/material-admin/app/2.6/demo/img/profile-pics/9.jpg]
[byrushan.com/projects/material-admin/app/2.6/demo/img/widgets/note.png]
[byrushan.com/projects/material-admin/app/2.6/demo/img/flags/United_States_of_America.png]
[byrushan.com/projects/material-admin/app/2.6/demo/img/flags/Australia.png]
[byrushan.com/projects/material-admin/app/2.6/demo/img/flags/Brazil.png]
[byrushan.com/projects/material-admin/app/2.6/demo/img/flags/South_Korea.png]
[byrushan.com/projects/material-admin/app/2.6/demo/img/flags/Japan.png]
[byrushan.com/projects/material-admin/app/2.6/vendors/jquery/jquery.min.js]
[byrushan.com/projects/material-admin/app/2.6/vendors/popper.js/popper.min.js]
[byrushan.com/projects/material-admin/app/2.6/vendors/bootstrap/js/bootstrap.min.js]
[byrushan.com/projects/material-admin/app/2.6/vendors/jquery-scrollbar/jquery.scrollbar.min.js]
[byrushan.com/projects/material-admin/app/2.6/vendors/jquery-scrollLock/jquery-scrollLock.min.js]
[byrushan.com/projects/material-admin/app/2.6/vendors/flot/jquery.flot.js]
[byrushan.com/projects/material-admin/app/2.6/vendors/flot/jquery.flot.resize.js]
[byrushan.com/projects/material-admin/app/2.6/vendors/flot.curvedlines/curvedLines.js]
[byrushan.com/projects/material-admin/app/2.6/vendors/jqvmap/jquery.vmap.min.js]
[byrushan.com/projects/material-admin/app/2.6/vendors/jqvmap/maps/jquery.vmap.world.js]
[byrushan.com/projects/material-admin/app/2.6/vendors/easy-pie-chart/jquery.easypiechart.min.js]
[byrushan.com/projects/material-admin/app/2.6/vendors/salvattore/salvattore.min.js]
[byrushan.com/projects/material-admin/app/2.6/vendors/sparkline/jquery.sparkline.min.js]
[byrushan.com/projects/material-admin/app/2.6/vendors/moment/moment.min.js]
[byrushan.com/projects/material-admin/app/2.6/vendors/fullcalendar/fullcalendar.min.js]
[byrushan.com/projects/material-admin/app/2.6/demo/js/flot-charts/curved-line.js]
[byrushan.com/projects/material-admin/app/2.6/demo/js/flot-charts/dynamic.js]
[byrushan.com/projects/material-admin/app/2.6/demo/js/flot-charts/line.js]
[byrushan.com/projects/material-admin/app/2.6/demo/js/flot-charts/chart-tooltips.js]
[byrushan.com/projects/material-admin/app/2.6/demo/js/other-charts.js]
[byrushan.com/projects/material-admin/app/2.6/demo/js/jqvmap.js]
[byrushan.com/projects/material-admin/app/2.6/js/app.min.js]
[byrushan.com/projects/material-admin/app/2.6/index.html]
[byrushan.com/projects/material-admin/app/2.6/vendors/material-design-iconic-font/fonts/Material-Design-Iconic-Fontd1f1.woff2]
[byrushan.com/projects/material-admin/app/2.6/vendors/material-design-iconic-font/fonts/Material-Design-Iconic-Fontd1f1.woff]
[byrushan.com/projects/material-admin/app/2.6/vendors/material-design-iconic-font/fonts/Material-Design-Iconic-Fontd1f1.ttf]
[byrushan.com/projects/material-admin/app/2.6/vendors/material-design-iconic-font/css/material-design-iconic-font.min.css]
[byrushan.com/projects/material-admin/app/2.6/vendors/animate.css/animate.min.css]
[byrushan.com/projects/material-admin/app/2.6/vendors/jquery-scrollbar/jquery.scrollbar.css]
[byrushan.com/projects/material-admin/app/2.6/vendors/fullcalendar/fullcalendar.min.css]
[byrushan.com/projects/material-admin/app/2.6/fonts/roboto/Roboto-Light-webfont.eot]
[byrushan.com/projects/material-admin/app/2.6/fonts/roboto/Roboto-Light-webfontd41d.eot]
[byrushan.com/projects/material-admin/app/2.6/fonts/roboto/Roboto-Light-webfont.woff]
[byrushan.com/projects/material-admin/app/2.6/fonts/roboto/Roboto-Light-webfont.ttf]
[byrushan.com/projects/material-admin/app/2.6/fonts/roboto/Roboto-Regular-webfont.eot]
[byrushan.com/projects/material-admin/app/2.6/fonts/roboto/Roboto-Regular-webfontd41d.eot]
[byrushan.com/projects/material-admin/app/2.6/fonts/roboto/Roboto-Regular-webfont.woff]
[byrushan.com/projects/material-admin/app/2.6/fonts/roboto/Roboto-Regular-webfont.ttf]
[byrushan.com/projects/material-admin/app/2.6/fonts/roboto/Roboto-Medium-webfont.eot]
[byrushan.com/projects/material-admin/app/2.6/fonts/roboto/Roboto-Medium-webfontd41d.eot]
[byrushan.com/projects/material-admin/app/2.6/fonts/roboto/Roboto-Medium-webfont.woff]
[byrushan.com/projects/material-admin/app/2.6/fonts/roboto/Roboto-Medium-webfont.ttf]
[byrushan.com/projects/material-admin/app/2.6/fonts/roboto/Roboto-Bold-webfont.eot]
[byrushan.com/projects/material-admin/app/2.6/fonts/roboto/Roboto-Bold-webfontd41d.eot]
[byrushan.com/projects/material-admin/app/2.6/fonts/roboto/Roboto-Bold-webfont.woff]
[byrushan.com/projects/material-admin/app/2.6/fonts/roboto/Roboto-Bold-webfont.ttf]
[byrushan.com/projects/material-admin/app/2.6/img/calendar/january.jpg]
[byrushan.com/projects/material-admin/app/2.6/img/calendar/february.jpg]
[byrushan.com/projects/material-admin/app/2.6/img/calendar/march.jpg]
[byrushan.com/projects/material-admin/app/2.6/img/calendar/april.jpg]
[byrushan.com/projects/material-admin/app/2.6/img/calendar/may.jpg]
[byrushan.com/projects/material-admin/app/2.6/img/calendar/june.jpg]
[byrushan.com/projects/material-admin/app/2.6/img/calendar/july.jpg]
[byrushan.com/projects/material-admin/app/2.6/img/calendar/august.jpg]
[byrushan.com/projects/material-admin/app/2.6/img/calendar/september.jpg]
[byrushan.com/projects/material-admin/app/2.6/img/calendar/october.jpg]
[byrushan.com/projects/material-admin/app/2.6/img/calendar/november.jpg]
[byrushan.com/projects/material-admin/app/2.6/img/calendar/december.jpg]
[byrushan.com/projects/material-admin/app/2.6/css/app.min.css]
[byrushan.com/projects/material-admin/app/2.6/index-2.html]
[byrushan.com/projects/material-admin/app/2.6/messages.html]
[byrushan.com/projects/material-admin/app/2.6/hidden-sidebar.html]
[byrushan.com/projects/material-admin/app/2.6/boxed-layout.html]
[byrushan.com/projects/material-admin/app/2.6/hidden-sidebar-boxed-layout.html]
[byrushan.com/projects/material-admin/app/2.6/top-navigation.html]
[byrushan.com/projects/material-admin/app/2.6/typography.html]
[byrushan.com/projects/material-admin/app/2.6/demo/img/widgets/headers/1.png]
[byrushan.com/projects/material-admin/app/2.6/demo/img/widgets/headers/2.png]
[byrushan.com/projects/material-admin/app/2.6/demo/img/widgets/headers/3.png]
[byrushan.com/projects/material-admin/app/2.6/demo/img/widgets/headers/4.png]
[byrushan.com/projects/material-admin/app/2.6/demo/img/widgets/headers/5.png]
[byrushan.com/projects/material-admin/app/2.6/demo/img/widgets/headers/6.png]
[byrushan.com/projects/material-admin/app/2.6/demo/img/widgets/headers/7.png]
[byrushan.com/projects/material-admin/app/2.6/demo/img/widgets/headers/8.png]
[byrushan.com/projects/material-admin/app/2.6/demo/img/widgets/headers/9.png]
[byrushan.com/projects/material-admin/app/2.6/demo/img/profile-pics/profile-pic.jpg]
[byrushan.com/projects/material-admin/app/2.6/demo/img/widgets/map.png]
[byrushan.com/projects/material-admin/app/2.6/vendors/jqTree/tree.jquery.js]
[byrushan.com/projects/material-admin/app/2.6/widgets.html]
[byrushan.com/projects/material-admin/app/2.6/html-table.html]
[byrushan.com/projects/material-admin/app/2.6/vendors/datatables/jquery.dataTables.min.js]
[byrushan.com/projects/material-admin/app/2.6/vendors/datatables-buttons/dataTables.buttons.min.js]
[byrushan.com/projects/material-admin/app/2.6/vendors/datatables-buttons/buttons.print.min.js]
[byrushan.com/projects/material-admin/app/2.6/vendors/jszip/jszip.min.js]
[byrushan.com/projects/material-admin/app/2.6/vendors/datatables-buttons/buttons.html5.min.js]
[byrushan.com/projects/material-admin/app/2.6/data-table.html]
[byrushan.com/projects/material-admin/app/2.6/vendors/autosize/autosize.min.js]
[byrushan.com/projects/material-admin/app/2.6/form-elements.html]
[byrushan.com/projects/material-admin/app/2.6/vendors/jquery-mask-plugin/jquery.mask.min.js]
[byrushan.com/projects/material-admin/app/2.6/vendors/select2/js/select2.full.min.js]
[byrushan.com/projects/material-admin/app/2.6/vendors/dropzone/dropzone.min.js]
[byrushan.com/projects/material-admin/app/2.6/vendors/nouislider/nouislider.min.js]
[byrushan.com/projects/material-admin/app/2.6/vendors/trumbowyg/trumbowyg.min.js]
[byrushan.com/projects/material-admin/app/2.6/vendors/flatpickr/flatpickr.min.js]
[byrushan.com/projects/material-admin/app/2.6/vendors/rateyo/jquery.rateyo.min.js]
[byrushan.com/projects/material-admin/app/2.6/vendors/jquery-text-counter/textcounter.min.js]
[byrushan.com/projects/material-admin/app/2.6/vendors/bootstrap-colorpicker/js/bootstrap-colorpicker.min.js]
[byrushan.com/projects/material-admin/app/2.6/form-components.html]
[byrushan.com/projects/material-admin/app/2.6/form-layouts.html]
[byrushan.com/projects/material-admin/app/2.6/form-validation.html]
[byrushan.com/projects/material-admin/app/2.6/colors.html]
[byrushan.com/projects/material-admin/app/2.6/demo/img/headers/sm/1.png]
[byrushan.com/projects/material-admin/app/2.6/demo/img/headers/sm/6.png]
[byrushan.com/projects/material-admin/app/2.6/demo/img/headers/sm/7.png]
[byrushan.com/projects/material-admin/app/2.6/demo/img/headers/sm/2.png]
[byrushan.com/projects/material-admin/app/2.6/demo/img/headers/sm/3.png]
[byrushan.com/projects/material-admin/app/2.6/demo/img/headers/sm/8.png]
[byrushan.com/projects/material-admin/app/2.6/demo/img/headers/sm/9.png]
[byrushan.com/projects/material-admin/app/2.6/demo/img/headers/sm/4.png]
[byrushan.com/projects/material-admin/app/2.6/demo/img/headers/sm/5.png]
[byrushan.com/projects/material-admin/app/2.6/demo/js/demo.js]
[byrushan.com/projects/material-admin/app/2.6/css-animations.html]
[byrushan.com/projects/material-admin/app/2.6/buttons.html]
[byrushan.com/projects/material-admin/app/2.6/icons.html]
[byrushan.com/projects/material-admin/app/2.6/listview.html]
[byrushan.com/projects/material-admin/app/2.6/toolbars.html]
[byrushan.com/projects/material-admin/app/2.6/demo/img/headers/6.png]
[byrushan.com/projects/material-admin/app/2.6/demo/img/headers/4.png]
[byrushan.com/projects/material-admin/app/2.6/demo/img/card-img-overlay.jpg]
[byrushan.com/projects/material-admin/app/2.6/demo/img/headers/7.png]
[byrushan.com/projects/material-admin/app/2.6/demo/img/headers/8.png]
[byrushan.com/projects/material-admin/app/2.6/demo/img/headers/3.png]
[byrushan.com/projects/material-admin/app/2.6/demo/img/headers/5.png]
[byrushan.com/projects/material-admin/app/2.6/cards.html]
[byrushan.com/projects/material-admin/app/2.6/alerts.html]
[byrushan.com/projects/material-admin/app/2.6/badges.html]
[byrushan.com/projects/material-admin/app/2.6/breadcrumbs.html]
[byrushan.com/projects/material-admin/app/2.6/jumbotron.html]
[byrushan.com/projects/material-admin/app/2.6/navs.html]
[byrushan.com/projects/material-admin/app/2.6/pagination.html]
[byrushan.com/projects/material-admin/app/2.6/progress.html]
[byrushan.com/projects/material-admin/app/2.6/demo/img/carousel/c-1.jpg]
[byrushan.com/projects/material-admin/app/2.6/demo/img/carousel/c-2.jpg]
[byrushan.com/projects/material-admin/app/2.6/demo/img/carousel/c-3.jpg]
[byrushan.com/projects/material-admin/app/2.6/carousel.html]
[byrushan.com/projects/material-admin/app/2.6/collapse.html]
[byrushan.com/projects/material-admin/app/2.6/dropdowns.html]
[byrushan.com/projects/material-admin/app/2.6/modals.html]
[byrushan.com/projects/material-admin/app/2.6/popover.html]
[byrushan.com/projects/material-admin/app/2.6/tabs.html]
[byrushan.com/projects/material-admin/app/2.6/tooltips.html]
[byrushan.com/projects/material-admin/app/2.6/vendors/bootstrap-notify/bootstrap-notify.min.js]
[byrushan.com/projects/material-admin/app/2.6/vendors/sweetalert2/sweetalert2.min.js]
[byrushan.com/projects/material-admin/app/2.6/notifications-alerts.html]
[byrushan.com/projects/material-admin/app/2.6/tree-view.html]
[byrushan.com/projects/material-admin/app/2.6/vendors/flot/jquery.flot.pie.js]
[byrushan.com/projects/material-admin/app/2.6/vendors/flot.orderbars/jquery.flot.orderBars.js]
[byrushan.com/projects/material-admin/app/2.6/demo/js/flot-charts/bar.js]
[byrushan.com/projects/material-admin/app/2.6/demo/js/flot-charts/pie.js]
[byrushan.com/projects/material-admin/app/2.6/flot-charts.html]
[byrushan.com/projects/material-admin/app/2.6/other-charts.html]
[byrushan.com/projects/material-admin/app/2.6/calendar.html]
[byrushan.com/projects/material-admin/app/2.6/demo/img/gallery/1.jpg]
[byrushan.com/projects/material-admin/app/2.6/demo/img/gallery/thumbs/1.jpg]
[byrushan.com/projects/material-admin/app/2.6/demo/img/gallery/2.jpg]
[byrushan.com/projects/material-admin/app/2.6/demo/img/gallery/thumbs/2.jpg]
[byrushan.com/projects/material-admin/app/2.6/demo/img/gallery/3.jpg]
[byrushan.com/projects/material-admin/app/2.6/demo/img/gallery/thumbs/3.jpg]
[byrushan.com/projects/material-admin/app/2.6/demo/img/gallery/4.jpg]
[byrushan.com/projects/material-admin/app/2.6/demo/img/gallery/thumbs/4.jpg]
[byrushan.com/projects/material-admin/app/2.6/demo/img/gallery/5.jpg]
[byrushan.com/projects/material-admin/app/2.6/demo/img/gallery/thumbs/5.jpg]
[byrushan.com/projects/material-admin/app/2.6/demo/img/gallery/6.jpg]
[byrushan.com/projects/material-admin/app/2.6/demo/img/gallery/thumbs/6.jpg]
[byrushan.com/projects/material-admin/app/2.6/demo/img/gallery/7.jpg]
[byrushan.com/projects/material-admin/app/2.6/demo/img/gallery/thumbs/7.jpg]
[byrushan.com/projects/material-admin/app/2.6/demo/img/gallery/8.jpg]
[byrushan.com/projects/material-admin/app/2.6/demo/img/gallery/thumbs/8.jpg]
[byrushan.com/projects/material-admin/app/2.6/demo/img/gallery/9.jpg]
[byrushan.com/projects/material-admin/app/2.6/demo/img/gallery/thumbs/9.jpg]
[byrushan.com/projects/material-admin/app/2.6/demo/img/gallery/10.jpg]
[byrushan.com/projects/material-admin/app/2.6/demo/img/gallery/thumbs/10.jpg]
[byrushan.com/projects/material-admin/app/2.6/demo/img/gallery/11.jpg]
[byrushan.com/projects/material-admin/app/2.6/demo/img/gallery/thumbs/11.jpg]
[byrushan.com/projects/material-admin/app/2.6/demo/img/gallery/12.jpg]
[byrushan.com/projects/material-admin/app/2.6/demo/img/gallery/thumbs/12.jpg]
[byrushan.com/projects/material-admin/app/2.6/demo/img/gallery/13.jpg]
[byrushan.com/projects/material-admin/app/2.6/demo/img/gallery/thumbs/13.jpg]
[byrushan.com/projects/material-admin/app/2.6/demo/img/gallery/14.jpg]
[byrushan.com/projects/material-admin/app/2.6/demo/img/gallery/thumbs/14.jpg]
[byrushan.com/projects/material-admin/app/2.6/demo/img/gallery/15.jpg]
[byrushan.com/projects/material-admin/app/2.6/demo/img/gallery/thumbs/15.jpg]
[byrushan.com/projects/material-admin/app/2.6/demo/img/gallery/16.jpg]
[byrushan.com/projects/material-admin/app/2.6/demo/img/gallery/thumbs/16.jpg]
[byrushan.com/projects/material-admin/app/2.6/demo/img/gallery/17.jpg]
[byrushan.com/projects/material-admin/app/2.6/demo/img/gallery/18.jpg]
[byrushan.com/projects/material-admin/app/2.6/demo/img/gallery/thumbs/18.jpg]
[byrushan.com/projects/material-admin/app/2.6/demo/img/gallery/19.jpg]
[byrushan.com/projects/material-admin/app/2.6/demo/img/gallery/thumbs/19.jpg]
[byrushan.com/projects/material-admin/app/2.6/demo/img/gallery/20.jpg]
[byrushan.com/projects/material-admin/app/2.6/demo/img/gallery/thumbs/20.jpg]
[byrushan.com/projects/material-admin/app/2.6/demo/img/gallery/21.jpg]
[byrushan.com/projects/material-admin/app/2.6/demo/img/gallery/thumbs/21.jpg]
[byrushan.com/projects/material-admin/app/2.6/demo/img/gallery/22.jpg]
[byrushan.com/projects/material-admin/app/2.6/demo/img/gallery/thumbs/22.jpg]
[byrushan.com/projects/material-admin/app/2.6/demo/img/gallery/23.jpg]
[byrushan.com/projects/material-admin/app/2.6/demo/img/gallery/thumbs/23.jpg]
[byrushan.com/projects/material-admin/app/2.6/demo/img/gallery/24.jpg]
[byrushan.com/projects/material-admin/app/2.6/demo/img/gallery/thumbs/24.jpg]
[byrushan.com/projects/material-admin/app/2.6/vendors/lightgallery/js/lightgallery-all.min.js]
[byrushan.com/projects/material-admin/app/2.6/photo-gallery.html]
[byrushan.com/projects/material-admin/app/2.6/demo/img/contacts/2.jpg]
[byrushan.com/projects/material-admin/app/2.6/profile-photos.html]
[byrushan.com/projects/material-admin/app/2.6/profile-about.html]
[byrushan.com/projects/material-admin/app/2.6/profile-contacts.html]
[byrushan.com/projects/material-admin/app/2.6/demo/img/contacts/1.jpg]
[byrushan.com/projects/material-admin/app/2.6/demo/img/contacts/3.jpg]
[byrushan.com/projects/material-admin/app/2.6/demo/img/contacts/4.jpg]
[byrushan.com/projects/material-admin/app/2.6/demo/img/contacts/5.jpg]
[byrushan.com/projects/material-admin/app/2.6/demo/img/contacts/6.jpg]
[byrushan.com/projects/material-admin/app/2.6/demo/img/contacts/7.jpg]
[byrushan.com/projects/material-admin/app/2.6/demo/img/contacts/8.jpg]
[byrushan.com/projects/material-admin/app/2.6/demo/img/contacts/9.jpg]
[byrushan.com/projects/material-admin/app/2.6/demo/img/contacts/10.jpg]
[byrushan.com/projects/material-admin/app/2.6/demo/img/contacts/11.jpg]
[byrushan.com/projects/material-admin/app/2.6/demo/img/contacts/12.jpg]
[byrushan.com/projects/material-admin/app/2.6/demo/img/contacts/13.jpg]
[byrushan.com/projects/material-admin/app/2.6/demo/img/contacts/14.jpg]
[byrushan.com/projects/material-admin/app/2.6/demo/img/contacts/15.jpg]
[byrushan.com/projects/material-admin/app/2.6/demo/img/contacts/16.jpg]
[byrushan.com/projects/material-admin/app/2.6/contacts.html]
[byrushan.com/projects/material-admin/app/2.6/demo/img/group_empty.jpg]
[byrushan.com/projects/material-admin/app/2.6/groups.html]
[byrushan.com/projects/material-admin/app/2.6/invoice.html]
[byrushan.com/projects/material-admin/app/2.6/pricing-tables.html]
[byrushan.com/projects/material-admin/app/2.6/todos.html]
[byrushan.com/projects/material-admin/app/2.6/todo-lists.html]
[byrushan.com/projects/material-admin/app/2.6/vendors/Clamp.js/clamp.js]
[byrushan.com/projects/material-admin/app/2.6/notes.html]
[byrushan.com/projects/material-admin/app/2.6/search-results.html]
[byrushan.com/projects/material-admin/app/2.6/issue-tracker.html]
[byrushan.com/projects/material-admin/app/2.6/faq.html]
[byrushan.com/projects/material-admin/app/2.6/team.html]
[byrushan.com/projects/material-admin/app/2.6/demo/img/blog/1.jpg]
[byrushan.com/projects/material-admin/app/2.6/blog-detail.html]
[byrushan.com/projects/material-admin/app/2.6/demo/img/blog/2.jpg]
[byrushan.com/projects/material-admin/app/2.6/demo/img/blog/3.jpg]
[byrushan.com/projects/material-admin/app/2.6/demo/img/blog/4.jpg]
[byrushan.com/projects/material-admin/app/2.6/blog.html]
[byrushan.com/projects/material-admin/app/2.6/blog-details.html]
[byrushan.com/projects/material-admin/app/2.6/questions-answers.html]
[byrushan.com/projects/material-admin/app/2.6/questions-answers-details.html]
[byrushan.com/projects/material-admin/app/2.6/login.html]
[byrushan.com/projects/material-admin/app/2.6/lockscreen.html]
[byrushan.com/projects/material-admin/app/2.6/404.html]
[byrushan.com/projects/material-admin/app/2.6/empty.html]
[byrushan.com/projects/material-admin/app/2.6/img/forms/form-validation-valid.svg]
[byrushan.com/projects/material-admin/app/2.6/img/forms/form-validation-invalid.svg]
[byrushan.com/projects/material-admin/app/2.6/fonts/roboto/Roboto-Light-webfont.svg]
[byrushan.com/projects/material-admin/app/2.6/fonts/roboto/Roboto-Regular-webfont.svg]
[byrushan.com/projects/material-admin/app/2.6/fonts/roboto/Roboto-Medium-webfont.svg]
[byrushan.com/projects/material-admin/app/2.6/fonts/roboto/Roboto-Bold-webfont.svg]
[byrushan.com/projects/material-admin/app/2.6/vendors/jqTree/jqtree.css]
[byrushan.com/projects/material-admin/app/2.6/vendors/select2/css/select2.min.css]
[byrushan.com/projects/material-admin/app/2.6/vendors/dropzone/dropzone.css]
[byrushan.com/projects/material-admin/app/2.6/vendors/nouislider/nouislider.min.css]
[byrushan.com/projects/material-admin/app/2.6/vendors/trumbowyg/ui/trumbowyg.min.css]
[byrushan.com/projects/material-admin/app/2.6/vendors/flatpickr/flatpickr.min.css]
[byrushan.com/projects/material-admin/app/2.6/vendors/rateyo/jquery.rateyo.min.css]
[byrushan.com/projects/material-admin/app/2.6/vendors/bootstrap-colorpicker/css/bootstrap-colorpicker.min.css]
[byrushan.com/projects/material-admin/app/2.6/demo/css/demo.css]
[byrushan.com/projects/material-admin/app/2.6/vendors/sweetalert2/sweetalert2.min.css]
[byrushan.com/projects/material-admin/app/2.6/vendors/lightgallery/fonts/lgd641.eot]
[byrushan.com/projects/material-admin/app/2.6/vendors/lightgallery/fonts/lgd41d.eot]
[byrushan.com/projects/material-admin/app/2.6/vendors/lightgallery/fonts/lgd641.woff]
[byrushan.com/projects/material-admin/app/2.6/vendors/lightgallery/fonts/lgd641.ttf]
[byrushan.com/projects/material-admin/app/2.6/vendors/lightgallery/img/vimeo-play.png]
[byrushan.com/projects/material-admin/app/2.6/vendors/lightgallery/img/video-play.png]
[byrushan.com/projects/material-admin/app/2.6/vendors/lightgallery/img/youtube-play.png]
[byrushan.com/projects/material-admin/app/2.6/vendors/lightgallery/img/loading.gif]
[byrushan.com/projects/material-admin/app/2.6/vendors/lightgallery/css/lightgallery.min.css]
[byrushan.com/projects/material-admin/app/2.6/profile-photos.html]
[byrushan.com/projects/material-admin/app/2.6/profile-contacts.html]
[byrushan.com/projects/material-admin/app/2.6/pricing-tables.html]
[byrushan.com/projects/material-admin/app/2.6/todos.html]
[byrushan.com/projects/material-admin/app/2.6/blog-detail.html]
[byrushan.com/projects/material-admin/app/2.6/vendors/lightgallery/fonts/lgd641.svg]
[byrushan.com/projects/material-admin/app/2.6/new-contact.html]
[byrushan.com/projects/material-admin/app/2.6/demo/img/invoice-logo.png]
